// Jest Snapshot v1, https://goo.gl/fbAQLP

exports[`Carousel renders properly 1`] = `ShallowWrapper {}`;
