// Jest Snapshot v1, https://goo.gl/fbAQLP

exports[`ProductItemHeader renders properly 1`] = `ReactWrapper {}`;
