// Jest Snapshot v1, https://goo.gl/fbAQLP

exports[`ProductItem renders properly 1`] = `ShallowWrapper {}`;
