// Jest Snapshot v1, https://goo.gl/fbAQLP

exports[`ProductItemSpecification renders properly 1`] = `ShallowWrapper {}`;
