// Jest Snapshot v1, https://goo.gl/fbAQLP

exports[`ProductGrid renders correctly 1`] = `ShallowWrapper {}`;
