// Jest Snapshot v1, https://goo.gl/fbAQLP

exports[`ProductGridItem renders with data 1`] = `ShallowWrapper {}`;
